[rosecutebear.com/index.html]
[d1o20x5nql3wo5.cloudfront.net/products/rosealcutebear/product-share.png]
[backblue.gif]
[fade.gif]
[index.html]
[d1o20x5nql3wo5.cloudfront.net/products/rosealcutebear/favicon.png]
[rosecutebear.com/salespages/rosealcutebear/css/appe5e0.css]
[d1o20x5nql3wo5.cloudfront.net/salespages/rosealcutebear/product-image.png]
[d1o20x5nql3wo5.cloudfront.net/salespages/rosealcutebear/banner-image.png]
[d1o20x5nql3wo5.cloudfront.net/salespages/rosealcutebear/horizontal/1.jpg]
[d1o20x5nql3wo5.cloudfront.net/salespages/rosealcutebear/horizontal/2.jpg]
[d1o20x5nql3wo5.cloudfront.net/salespages/rosealcutebear/horizontal/3.jpg]
[d1o20x5nql3wo5.cloudfront.net/salespages/rosealcutebear/horizontal/4.jpg]
[d1o20x5nql3wo5.cloudfront.net/salespages/rosealcutebear/specs/1.png]
[d1o20x5nql3wo5.cloudfront.net/salespages/rosealcutebear/specs/2.png]
[d1o20x5nql3wo5.cloudfront.net/salespages/rosealcutebear/usage/1.png]
[rosecutebear.com/salespages/rosealcutebear/images/next-step.svg]
[d1o20x5nql3wo5.cloudfront.net/salespages/rosealcutebear/usage/2.png]
[d1o20x5nql3wo5.cloudfront.net/salespages/rosealcutebear/usage/3.png]
[d1o20x5nql3wo5.cloudfront.net/salespages/rosealcutebear/offer-img.png]
[d1o20x5nql3wo5.cloudfront.net/salespages/rosealcutebear/banner-bottom-image.png]
[rosecutebear.com/salespage/rosealcutebear.html]
[rosecutebear.com/orderpages/shared/images/protected.png]
[rosecutebear.com/salespage/rosealcutebear/contact.html]
[rosecutebear.com/salespage/rosealcutebear/terms.html]
[rosecutebear.com/salespage/rosealcutebear/privacy.html]
[rosecutebear.com/salespage/rosealcutebear/refund.html]
[rosecutebear.com/js/manifestae22.js]
[rosecutebear.com/js/vendor3c83.js]
[rosecutebear.com/js/app12ce.js]
[rosecutebear.com/index.html]
[www.googletagmanager.com/gtm5445.html]
[rosecutebear.com/salespages/rosealcutebear/css/appe5e0.css]
[rosecutebear.com/salespages/rosealcutebear/images/next-step.svg]
[rosecutebear.com/salespage/rosealcutebear.html]
[rosecutebear.com/salespage/rosealcutebear/contact.html]
[rosecutebear.com/salespage/rosealcutebear/terms.html]
[rosecutebear.com/salespage/rosealcutebear/`mailto_support@rosecutebear.com`]
[rosecutebear.com/salespage/rosealcutebear/privacy.html]
[rosecutebear.com/salespage/rosealcutebear/refund.html]
[rosecutebear.com/salespages/shared/js/appbb9a.js]
[rosecutebear.com/salespage/rosealcutebear/`mailto_support@rosecutebear.html]
